{
  itemsToSync: [
    {
      Parts: {
        Owner: 'owner',
        Repository: 'GitHubSync.TestRepository',
        Branch: 'source',
        Path: 'added1',
        Name: 'added1',
        NumberOfPathSegments: 1,
        Url: 'https://github.com/owner/GitHubSync.TestRepository/blob/source/added1',
        ParentTreePart: {
          Owner: 'owner',
          Repository: 'GitHubSync.TestRepository',
          Type: 'Tree',
          Branch: 'source',
          Url: 'https://github.com/owner/GitHubSync.TestRepository/tree/source'
        },
        RootTreePart: {
          Owner: 'owner',
          Repository: 'GitHubSync.TestRepository',
          Type: 'Tree',
          Branch: 'source',
          Url: 'https://github.com/owner/GitHubSync.TestRepository/tree/source'
        }
      },
      ToBeAdded: true
    },
    {
      Parts: {
        Owner: 'owner',
        Repository: 'GitHubSync.TestRepository',
        Branch: 'source',
        Path: 'added2',
        Name: 'added2',
        NumberOfPathSegments: 1,
        Url: 'https://github.com/owner/GitHubSync.TestRepository/blob/source/added2',
        ParentTreePart: {
          Owner: 'owner',
          Repository: 'GitHubSync.TestRepository',
          Type: 'Tree',
          Branch: 'source',
          Url: 'https://github.com/owner/GitHubSync.TestRepository/tree/source'
        },
        RootTreePart: {
          Owner: 'owner',
          Repository: 'GitHubSync.TestRepository',
          Type: 'Tree',
          Branch: 'source',
          Url: 'https://github.com/owner/GitHubSync.TestRepository/tree/source'
        }
      },
      ToBeAdded: true,
      Target: 'target2'
    },
    {
      Parts: {
        Owner: 'owner',
        Repository: 'GitHubSync.TestRepository',
        Branch: 'source',
        Path: 'sourceDir/added3',
        Name: 'added3',
        NumberOfPathSegments: 2,
        Url: 'https://github.com/owner/GitHubSync.TestRepository/blob/source/sourceDir/added3',
        ParentTreePart: {
          Owner: 'owner',
          Repository: 'GitHubSync.TestRepository',
          Type: 'Tree',
          Branch: 'source',
          Path: 'sourceDir',
          Name: 'sourceDir',
          NumberOfPathSegments: 1,
          Url: 'https://github.com/owner/GitHubSync.TestRepository/tree/source/sourceDir',
          ParentTreePart: {
            Owner: 'owner',
            Repository: 'GitHubSync.TestRepository',
            Type: 'Tree',
            Branch: 'source',
            Url: 'https://github.com/owner/GitHubSync.TestRepository/tree/source'
          },
          RootTreePart: {
            Owner: 'owner',
            Repository: 'GitHubSync.TestRepository',
            Type: 'Tree',
            Branch: 'source',
            Url: 'https://github.com/owner/GitHubSync.TestRepository/tree/source'
          }
        },
        RootTreePart: {
          Owner: 'owner',
          Repository: 'GitHubSync.TestRepository',
          Type: 'Tree',
          Branch: 'source',
          Url: 'https://github.com/owner/GitHubSync.TestRepository/tree/source'
        }
      },
      ToBeAdded: true,
      Target: 'targetDir/target3'
    }
  ]
}