{
  itemsToSync: [
    {
      Parts: {
        Owner: 'owner',
        Repository: 'GitHubSync.TestRepository',
        Branch: 'source',
        Path: 'added1',
        Name: 'added1',
        NumberOfPathSegments: 1,
        Url: 'https://github.com/owner/GitHubSync.TestRepository/blob/source/added1',
        ParentTreePart: {
          Owner: 'owner',
          Repository: 'GitHubSync.TestRepository',
          Type: 'Tree',
          Branch: 'source',
          Url: 'https://github.com/owner/GitHubSync.TestRepository/tree/source'
        },
        RootTreePart: {
          Owner: 'owner',
          Repository: 'GitHubSync.TestRepository',
          Type: 'Tree',
          Branch: 'source',
          Url: 'https://github.com/owner/GitHubSync.TestRepository/tree/source'
        }
      },
      ToBeAdded: true
    },
    {
      Parts: {
        Owner: 'owner',
        Repository: 'GitHubSync.TestRepository',
        Branch: 'source',
        Path: 'added2',
        Name: 'added2',
        NumberOfPathSegments: 1,
        Url: 'https://github.com/owner/GitHubSync.TestRepository/blob/source/added2',
        ParentTreePart: {
          Owner: 'owner',
          Repository: 'GitHubSync.TestRepository',
          Type: 'Tree',
          Branch: 'source',
          Url: 'https://github.com/owner/GitHubSync.TestRepository/tree/source'
        },
        RootTreePart: {
          Owner: 'owner',
          Repository: 'GitHubSync.TestRepository',
          Type: 'Tree',
          Branch: 'source',
          Url: 'https://github.com/owner/GitHubSync.TestRepository/tree/source'
        }
      },
      ToBeAdded: true,
      Target: 'target2'
    },
    {
      Parts: {
        Owner: 'owner',
        Repository: 'GitHubSync.TestRepository',
        Branch: 'source',
        Path: 'removed1',
        Name: 'removed1',
        NumberOfPathSegments: 1,
        Url: 'https://github.com/owner/GitHubSync.TestRepository/blob/source/removed1',
        ParentTreePart: {
          Owner: 'owner',
          Repository: 'GitHubSync.TestRepository',
          Type: 'Tree',
          Branch: 'source',
          Url: 'https://github.com/owner/GitHubSync.TestRepository/tree/source'
        },
        RootTreePart: {
          Owner: 'owner',
          Repository: 'GitHubSync.TestRepository',
          Type: 'Tree',
          Branch: 'source',
          Url: 'https://github.com/owner/GitHubSync.TestRepository/tree/source'
        }
      }
    },
    {
      Parts: {
        Owner: 'owner',
        Repository: 'GitHubSync.TestRepository',
        Branch: 'source',
        Path: 'removed2',
        Name: 'removed2',
        NumberOfPathSegments: 1,
        Url: 'https://github.com/owner/GitHubSync.TestRepository/blob/source/removed2',
        ParentTreePart: {
          Owner: 'owner',
          Repository: 'GitHubSync.TestRepository',
          Type: 'Tree',
          Branch: 'source',
          Url: 'https://github.com/owner/GitHubSync.TestRepository/tree/source'
        },
        RootTreePart: {
          Owner: 'owner',
          Repository: 'GitHubSync.TestRepository',
          Type: 'Tree',
          Branch: 'source',
          Url: 'https://github.com/owner/GitHubSync.TestRepository/tree/source'
        }
      },
      Target: 'target2'
    }
  ],
  targets: [
    {
      Owner: 'owner1',
      Repo: 'repo1',
      TargetBranch: 'branch1'
    },
    {
      Owner: 'owner2',
      Repo: 'repo2',
      TargetBranch: 'branch2'
    }
  ]
}